******************************************************************************
                  TI ARM Linker PC v20.2.0                     
******************************************************************************
>> Linked Fri May 29 18:24:32 2020

OUTPUT FILE NAME:   <Experimento-3.out>
ENTRY POINT SYMBOL: "_c_int00_noargs"  address: 00000879


MEMORY CONFIGURATION

         name            origin    length      used     unused   attr    fill
----------------------  --------  ---------  --------  --------  ----  --------
  FLASH                 00000000   00040000  00000a3c  0003f5c4  R  X
  SRAM                  20000000   00008000  00000204  00007dfc  RW X


SEGMENT ALLOCATION MAP

run origin  load origin   length   init length attrs members
----------  ----------- ---------- ----------- ----- -------
00000000    00000000    00000a40   00000a40    r-x
  00000000    00000000    0000026c   0000026c    r-- .intvecs
  0000026c    0000026c    00000728   00000728    r-x .text
  00000994    00000994    00000090   00000090    r-- .const
  00000a28    00000a28    00000018   00000018    r-- .cinit
20000000    20000000    00000204   00000000    rw-
  20000000    20000000    00000200   00000000    rw- .stack
  20000200    20000200    00000004   00000000    rw- .data


SECTION ALLOCATION MAP

 output                                  attributes/
section   page    origin      length       input sections
--------  ----  ----------  ----------   ----------------
.intvecs   0    00000000    0000026c     
                  00000000    0000026c     tm4c1230h6pm_startup_ccs.obj (.intvecs)

.text      0    0000026c    00000728     
                  0000026c    000001a0     main.obj (.text)
                  0000040c    00000132     driverlib.lib : gpio.obj (.text:GPIOPadConfigSet)
                  0000053e    00000002     --HOLE-- [fill = 0]
                  00000540    000000f4                   : sysctl.obj (.text:SysCtlClockSet)
                  00000634    0000009c     rtsv7M4_T_le_v4SPD16_eabi.lib : memcpy_t2.asm.obj (.text)
                  000006d0    00000068                                   : copy_decompress_lzss.c.obj (.text:decompress:lzss:__TI_decompress_lzss)
                  00000738    00000048     driverlib.lib : gpio.obj (.text:GPIOPinConfigure)
                  00000780    00000046                   : uart.obj (.text:UARTConfigSetExpClk)
                  000007c6    00000002     --HOLE-- [fill = 0]
                  000007c8    00000044     rtsv7M4_T_le_v4SPD16_eabi.lib : autoinit.c.obj (.text:__TI_auto_init_nobinit_nopinit:__TI_auto_init_nobinit_nopinit)
                  0000080c    00000038     driverlib.lib : sysctl.obj (.text:SysCtlPeripheralReady)
                  00000844    00000034                   : sysctl.obj (.text:SysCtlPeripheralEnable)
                  00000878    00000034     rtsv7M4_T_le_v4SPD16_eabi.lib : boot_cortex_m.c.obj (.text:_c_int00_noargs:_c_int00_noargs)
                  000008ac    0000002a     driverlib.lib : gpio.obj (.text:GPIODirModeSet)
                  000008d6    00000002     --HOLE-- [fill = 0]
                  000008d8    00000020                   : uart.obj (.text:UARTDisable)
                  000008f8    00000018                   : gpio.obj (.text:GPIOPinTypeGPIOOutput)
                  00000910    00000014                   : uart.obj (.text:UARTEnable)
                  00000924    00000012                   : gpio.obj (.text:GPIOPinTypeGPIOInput)
                  00000936    00000012                   : gpio.obj (.text:GPIOPinTypeUART)
                  00000948    0000000e     rtsv7M4_T_le_v4SPD16_eabi.lib : copy_decompress_none.c.obj (.text:decompress:none:__TI_decompress_none)
                  00000956    0000000c     tm4c1230h6pm_startup_ccs.obj (.text)
                  00000962    0000000a     driverlib.lib : uart.obj (.text:UARTCharPut)
                  0000096c    00000008                   : uart.obj (.text:UARTBusy)
                  00000974    00000006                   : gpio.obj (.text:GPIOPinRead)
                  0000097a    00000006                   : gpio.obj (.text:GPIOPinWrite)
                  00000980    00000006                   : sysctl.obj (.text:SysCtlDelay)
                  00000986    00000006                   : uart.obj (.text:UARTClockSourceSet)
                  0000098c    00000004     rtsv7M4_T_le_v4SPD16_eabi.lib : pre_init.c.obj (.text:_system_pre_init)
                  00000990    00000004                                   : exit.c.obj (.text:abort:abort)

.const     0    00000994    00000090     
                  00000994    00000090     driverlib.lib : gpio.obj (.const:g_pui32GPIOBaseAddrs)

.cinit     0    00000a28    00000018     
                  00000a28    00000008     (__TI_handler_table)
                  00000a30    00000007     (.cinit..data.load) [load image, compression = lzss]
                  00000a37    00000001     --HOLE-- [fill = 0]
                  00000a38    00000008     (__TI_cinit_table)

.init_array 
*          0    00000000    00000000     UNINITIALIZED

.data      0    20000200    00000004     UNINITIALIZED
                  20000200    00000004     main.obj (.data)

.stack     0    20000000    00000200     UNINITIALIZED
                  20000000    00000004     rtsv7M4_T_le_v4SPD16_eabi.lib : boot_cortex_m.c.obj (.stack)
                  20000004    000001fc     --HOLE--

__llvm_prf_cnts 
*          0    20000000    00000000     UNINITIALIZED

MODULE SUMMARY

       Module                         code   ro data   rw data
       ------                         ----   -------   -------
    .\
       tm4c1230h6pm_startup_ccs.obj   12     620       0      
       main.obj                       416    0         4      
    +--+------------------------------+------+---------+---------+
       Total:                         428    620       4      
                                                              
    C:/ti/TivaWare_C_Series-2.1.4.178/driverlib/ccs/Debug/driverlib.lib
       gpio.obj                       492    144       0      
       sysctl.obj                     358    0         0      
       uart.obj                       146    0         0      
    +--+------------------------------+------+---------+---------+
       Total:                         996    144       0      
                                                              
    C:\ti\ccs1000\ccs\tools\compiler\ti-cgt-arm_20.2.0.LTS\lib\rtsv7M4_T_le_v4SPD16_eabi.lib
       memcpy_t2.asm.obj              156    0         0      
       copy_decompress_lzss.c.obj     104    0         0      
       autoinit.c.obj                 68     0         0      
       boot_cortex_m.c.obj            52     0         0      
       copy_decompress_none.c.obj     14     0         0      
       exit.c.obj                     4      0         0      
       pre_init.c.obj                 4      0         0      
    +--+------------------------------+------+---------+---------+
       Total:                         402    0         0      
                                                              
       Stack:                         0      0         512    
       Linker Generated:              0      23        0      
    +--+------------------------------+------+---------+---------+
       Grand Total:                   1826   787       516    


LINKER GENERATED COPY TABLES

__TI_cinit_table @ 00000a38 records: 1, size/record: 8, table size: 8
	.data: load addr=00000a30, load size=00000007 bytes, run addr=20000200, run size=00000004 bytes, compression=lzss


LINKER GENERATED HANDLER TABLE

__TI_handler_table @ 00000a28 records: 2, size/record: 4, table size: 8
	index: 0, handler: __TI_decompress_lzss
	index: 1, handler: __TI_decompress_none


GLOBAL SYMBOLS: SORTED ALPHABETICALLY BY Name 

address   name                          
-------   ----                          
00000991  C$$EXIT                       
000008ad  GPIODirModeSet                
0000040d  GPIOPadConfigSet              
00000739  GPIOPinConfigure              
00000975  GPIOPinRead                   
00000925  GPIOPinTypeGPIOInput          
000008f9  GPIOPinTypeGPIOOutput         
00000937  GPIOPinTypeUART               
0000097b  GPIOPinWrite                  
00000957  ResetISR                      
00000541  SysCtlClockSet                
00000981  SysCtlDelay                   
00000845  SysCtlPeripheralEnable        
0000080d  SysCtlPeripheralReady         
0000096d  UARTBusy                      
00000963  UARTCharPut                   
00000987  UARTClockSourceSet            
00000781  UARTConfigSetExpClk           
000008d9  UARTDisable                   
00000911  UARTEnable                    
20000200  __STACK_END                   
00000200  __STACK_SIZE                  
20000200  __STACK_TOP                   
00000a38  __TI_CINIT_Base               
00000a40  __TI_CINIT_Limit              
00000a28  __TI_Handler_Table_Base       
00000a30  __TI_Handler_Table_Limit      
000007c9  __TI_auto_init_nobinit_nopinit
000006d1  __TI_decompress_lzss          
00000949  __TI_decompress_none          
ffffffff  __TI_pprof_out_hndl           
ffffffff  __TI_prof_data_size           
ffffffff  __TI_prof_data_start          
00000000  __TI_static_base__            
00000635  __aeabi_memcpy                
00000635  __aeabi_memcpy4               
00000635  __aeabi_memcpy8               
ffffffff  __binit__                     
ffffffff  __c_args__                    
UNDEFED   __mpu_init                    
20000000  __stack                       
20000000  __start___llvm_prf_cnts       
20000000  __stop___llvm_prf_cnts        
00000879  _c_int00_noargs               
UNDEFED   _system_post_cinit            
0000098d  _system_pre_init              
00000991  abort                         
ffffffff  binit                         
20000202  color                         
0000037d  enviarColorCorrespondiente    
00000000  g_pfnVectors                  
20000203  leds                          
0000026d  main                          
00000635  memcpy                        
20000200  pulsado                       
20000201  pulsado2                      
000003b5  returnCartnl                  
00000389  sendString                    


GLOBAL SYMBOLS: SORTED BY Symbol Address 

address   name                          
-------   ----                          
00000000  __TI_static_base__            
00000000  g_pfnVectors                  
00000200  __STACK_SIZE                  
0000026d  main                          
0000037d  enviarColorCorrespondiente    
00000389  sendString                    
000003b5  returnCartnl                  
0000040d  GPIOPadConfigSet              
00000541  SysCtlClockSet                
00000635  __aeabi_memcpy                
00000635  __aeabi_memcpy4               
00000635  __aeabi_memcpy8               
00000635  memcpy                        
000006d1  __TI_decompress_lzss          
00000739  GPIOPinConfigure              
00000781  UARTConfigSetExpClk           
000007c9  __TI_auto_init_nobinit_nopinit
0000080d  SysCtlPeripheralReady         
00000845  SysCtlPeripheralEnable        
00000879  _c_int00_noargs               
000008ad  GPIODirModeSet                
000008d9  UARTDisable                   
000008f9  GPIOPinTypeGPIOOutput         
00000911  UARTEnable                    
00000925  GPIOPinTypeGPIOInput          
00000937  GPIOPinTypeUART               
00000949  __TI_decompress_none          
00000957  ResetISR                      
00000963  UARTCharPut                   
0000096d  UARTBusy                      
00000975  GPIOPinRead                   
0000097b  GPIOPinWrite                  
00000981  SysCtlDelay                   
00000987  UARTClockSourceSet            
0000098d  _system_pre_init              
00000991  C$$EXIT                       
00000991  abort                         
00000a28  __TI_Handler_Table_Base       
00000a30  __TI_Handler_Table_Limit      
00000a38  __TI_CINIT_Base               
00000a40  __TI_CINIT_Limit              
20000000  __stack                       
20000000  __start___llvm_prf_cnts       
20000000  __stop___llvm_prf_cnts        
20000200  __STACK_END                   
20000200  __STACK_TOP                   
20000200  pulsado                       
20000201  pulsado2                      
20000202  color                         
20000203  leds                          
ffffffff  __TI_pprof_out_hndl           
ffffffff  __TI_prof_data_size           
ffffffff  __TI_prof_data_start          
ffffffff  __binit__                     
ffffffff  __c_args__                    
ffffffff  binit                         
UNDEFED   __mpu_init                    
UNDEFED   _system_post_cinit            

[58 symbols]
