******************************************************************************
                  TI ARM Linker PC v20.2.0                     
******************************************************************************
>> Linked Tue May 26 11:49:35 2020

OUTPUT FILE NAME:   <Experimento-3.out>
ENTRY POINT SYMBOL: "_c_int00_noargs"  address: 000006f9


MEMORY CONFIGURATION

         name            origin    length      used     unused   attr    fill
----------------------  --------  ---------  --------  --------  ----  --------
  FLASH                 00000000   00040000  000007cc  0003f834  R  X
  SRAM                  20000000   00008000  00000203  00007dfd  RW X


SEGMENT ALLOCATION MAP

run origin  load origin   length   init length attrs members
----------  ----------- ---------- ----------- ----- -------
00000000    00000000    000007d0   000007d0    r-x
  00000000    00000000    0000026c   0000026c    r-- .intvecs
  0000026c    0000026c    00000548   00000548    r-x .text
  000007b8    000007b8    00000018   00000018    r-- .cinit
20000000    20000000    00000203   00000000    rw-
  20000000    20000000    00000200   00000000    rw- .stack
  20000200    20000200    00000003   00000000    rw- .data


SECTION ALLOCATION MAP

 output                                  attributes/
section   page    origin      length       input sections
--------  ----  ----------  ----------   ----------------
.intvecs   0    00000000    0000026c     
                  00000000    0000026c     tm4c1230h6pm_startup_ccs.obj (.intvecs)

.text      0    0000026c    00000548     
                  0000026c    00000132     driverlib.lib : gpio.obj (.text:GPIOPadConfigSet)
                  0000039e    00000002     --HOLE-- [fill = 0]
                  000003a0    000000f4                   : sysctl.obj (.text:SysCtlClockSet)
                  00000494    000000b0     main.obj (.text)
                  00000544    0000009c     rtsv7M4_T_le_v4SPD16_eabi.lib : memcpy_t2.asm.obj (.text)
                  000005e0    00000068                                   : copy_decompress_lzss.c.obj (.text:decompress:lzss:__TI_decompress_lzss)
                  00000648    00000044                                   : autoinit.c.obj (.text:__TI_auto_init_nobinit_nopinit:__TI_auto_init_nobinit_nopinit)
                  0000068c    00000038     driverlib.lib : sysctl.obj (.text:SysCtlPeripheralReady)
                  000006c4    00000034                   : sysctl.obj (.text:SysCtlPeripheralEnable)
                  000006f8    00000034     rtsv7M4_T_le_v4SPD16_eabi.lib : boot_cortex_m.c.obj (.text:_c_int00_noargs:_c_int00_noargs)
                  0000072c    0000002a     driverlib.lib : gpio.obj (.text:GPIODirModeSet)
                  00000756    00000018                   : gpio.obj (.text:GPIOPinTypeGPIOOutput)
                  0000076e    00000012                   : gpio.obj (.text:GPIOPinTypeGPIOInput)
                  00000780    0000000e     rtsv7M4_T_le_v4SPD16_eabi.lib : copy_decompress_none.c.obj (.text:decompress:none:__TI_decompress_none)
                  0000078e    0000000c     tm4c1230h6pm_startup_ccs.obj (.text)
                  0000079a    00000006     driverlib.lib : gpio.obj (.text:GPIOPinRead)
                  000007a0    00000006                   : gpio.obj (.text:GPIOPinWrite)
                  000007a6    00000006                   : sysctl.obj (.text:SysCtlDelay)
                  000007ac    00000004     rtsv7M4_T_le_v4SPD16_eabi.lib : pre_init.c.obj (.text:_system_pre_init)
                  000007b0    00000004                                   : exit.c.obj (.text:abort:abort)

.cinit     0    000007b8    00000018     
                  000007b8    00000008     (__TI_handler_table)
                  000007c0    00000007     (.cinit..data.load) [load image, compression = lzss]
                  000007c7    00000001     --HOLE-- [fill = 0]
                  000007c8    00000008     (__TI_cinit_table)

.init_array 
*          0    00000000    00000000     UNINITIALIZED

.data      0    20000200    00000003     UNINITIALIZED
                  20000200    00000003     main.obj (.data)

.stack     0    20000000    00000200     UNINITIALIZED
                  20000000    00000004     rtsv7M4_T_le_v4SPD16_eabi.lib : boot_cortex_m.c.obj (.stack)
                  20000004    000001fc     --HOLE--

__llvm_prf_cnts 
*          0    20000000    00000000     UNINITIALIZED

MODULE SUMMARY

       Module                         code   ro data   rw data
       ------                         ----   -------   -------
    .\
       tm4c1230h6pm_startup_ccs.obj   12     620       0      
       main.obj                       176    0         3      
    +--+------------------------------+------+---------+---------+
       Total:                         188    620       3      
                                                              
    C:/ti/TivaWare_C_Series-2.1.4.178/driverlib/ccs/Debug/driverlib.lib
       gpio.obj                       402    0         0      
       sysctl.obj                     358    0         0      
    +--+------------------------------+------+---------+---------+
       Total:                         760    0         0      
                                                              
    C:\ti\ccs1000\ccs\tools\compiler\ti-cgt-arm_20.2.0.LTS\lib\rtsv7M4_T_le_v4SPD16_eabi.lib
       memcpy_t2.asm.obj              156    0         0      
       copy_decompress_lzss.c.obj     104    0         0      
       autoinit.c.obj                 68     0         0      
       boot_cortex_m.c.obj            52     0         0      
       copy_decompress_none.c.obj     14     0         0      
       exit.c.obj                     4      0         0      
       pre_init.c.obj                 4      0         0      
    +--+------------------------------+------+---------+---------+
       Total:                         402    0         0      
                                                              
       Stack:                         0      0         512    
       Linker Generated:              0      23        0      
    +--+------------------------------+------+---------+---------+
       Grand Total:                   1350   643       515    


LINKER GENERATED COPY TABLES

__TI_cinit_table @ 000007c8 records: 1, size/record: 8, table size: 8
	.data: load addr=000007c0, load size=00000007 bytes, run addr=20000200, run size=00000003 bytes, compression=lzss


LINKER GENERATED HANDLER TABLE

__TI_handler_table @ 000007b8 records: 2, size/record: 4, table size: 8
	index: 0, handler: __TI_decompress_lzss
	index: 1, handler: __TI_decompress_none


GLOBAL SYMBOLS: SORTED ALPHABETICALLY BY Name 

address   name                          
-------   ----                          
000007b1  C$$EXIT                       
0000072d  GPIODirModeSet                
0000026d  GPIOPadConfigSet              
0000079b  GPIOPinRead                   
0000076f  GPIOPinTypeGPIOInput          
00000757  GPIOPinTypeGPIOOutput         
000007a1  GPIOPinWrite                  
0000078f  ResetISR                      
000003a1  SysCtlClockSet                
000007a7  SysCtlDelay                   
000006c5  SysCtlPeripheralEnable        
0000068d  SysCtlPeripheralReady         
20000200  __STACK_END                   
00000200  __STACK_SIZE                  
20000200  __STACK_TOP                   
000007c8  __TI_CINIT_Base               
000007d0  __TI_CINIT_Limit              
000007b8  __TI_Handler_Table_Base       
000007c0  __TI_Handler_Table_Limit      
00000649  __TI_auto_init_nobinit_nopinit
000005e1  __TI_decompress_lzss          
00000781  __TI_decompress_none          
ffffffff  __TI_pprof_out_hndl           
ffffffff  __TI_prof_data_size           
ffffffff  __TI_prof_data_start          
00000000  __TI_static_base__            
00000545  __aeabi_memcpy                
00000545  __aeabi_memcpy4               
00000545  __aeabi_memcpy8               
ffffffff  __binit__                     
ffffffff  __c_args__                    
UNDEFED   __mpu_init                    
20000000  __stack                       
20000000  __start___llvm_prf_cnts       
20000000  __stop___llvm_prf_cnts        
000006f9  _c_int00_noargs               
UNDEFED   _system_post_cinit            
000007ad  _system_pre_init              
000007b1  abort                         
ffffffff  binit                         
20000201  color                         
00000000  g_pfnVectors                  
20000202  leds                          
00000495  main                          
00000545  memcpy                        
20000200  pulsado                       


GLOBAL SYMBOLS: SORTED BY Symbol Address 

address   name                          
-------   ----                          
00000000  __TI_static_base__            
00000000  g_pfnVectors                  
00000200  __STACK_SIZE                  
0000026d  GPIOPadConfigSet              
000003a1  SysCtlClockSet                
00000495  main                          
00000545  __aeabi_memcpy                
00000545  __aeabi_memcpy4               
00000545  __aeabi_memcpy8               
00000545  memcpy                        
000005e1  __TI_decompress_lzss          
00000649  __TI_auto_init_nobinit_nopinit
0000068d  SysCtlPeripheralReady         
000006c5  SysCtlPeripheralEnable        
000006f9  _c_int00_noargs               
0000072d  GPIODirModeSet                
00000757  GPIOPinTypeGPIOOutput         
0000076f  GPIOPinTypeGPIOInput          
00000781  __TI_decompress_none          
0000078f  ResetISR                      
0000079b  GPIOPinRead                   
000007a1  GPIOPinWrite                  
000007a7  SysCtlDelay                   
000007ad  _system_pre_init              
000007b1  C$$EXIT                       
000007b1  abort                         
000007b8  __TI_Handler_Table_Base       
000007c0  __TI_Handler_Table_Limit      
000007c8  __TI_CINIT_Base               
000007d0  __TI_CINIT_Limit              
20000000  __stack                       
20000000  __start___llvm_prf_cnts       
20000000  __stop___llvm_prf_cnts        
20000200  __STACK_END                   
20000200  __STACK_TOP                   
20000200  pulsado                       
20000201  color                         
20000202  leds                          
ffffffff  __TI_pprof_out_hndl           
ffffffff  __TI_prof_data_size           
ffffffff  __TI_prof_data_start          
ffffffff  __binit__                     
ffffffff  __c_args__                    
ffffffff  binit                         
UNDEFED   __mpu_init                    
UNDEFED   _system_post_cinit            

[46 symbols]
