******************************************************************************
                  TI ARM Linker PC v20.2.0                     
******************************************************************************
>> Linked Fri May 29 18:05:43 2020

OUTPUT FILE NAME:   <Experimento-3.out>
ENTRY POINT SYMBOL: "_c_int00_noargs"  address: 00000839


MEMORY CONFIGURATION

         name            origin    length      used     unused   attr    fill
----------------------  --------  ---------  --------  --------  ----  --------
  FLASH                 00000000   00040000  000009ea  0003f616  R  X
  SRAM                  20000000   00008000  00000204  00007dfc  RW X


SEGMENT ALLOCATION MAP

run origin  load origin   length   init length attrs members
----------  ----------- ---------- ----------- ----- -------
00000000    00000000    000009f0   000009f0    r-x
  00000000    00000000    0000026c   0000026c    r-- .intvecs
  0000026c    0000026c    000006d6   000006d6    r-x .text
  00000944    00000944    00000090   00000090    r-- .const
  000009d8    000009d8    00000018   00000018    r-- .cinit
20000000    20000000    00000204   00000000    rw-
  20000000    20000000    00000200   00000000    rw- .stack
  20000200    20000200    00000004   00000000    rw- .data


SECTION ALLOCATION MAP

 output                                  attributes/
section   page    origin      length       input sections
--------  ----  ----------  ----------   ----------------
.intvecs   0    00000000    0000026c     
                  00000000    0000026c     tm4c1230h6pm_startup_ccs.obj (.intvecs)

.text      0    0000026c    000006d6     
                  0000026c    00000160     main.obj (.text)
                  000003cc    00000132     driverlib.lib : gpio.obj (.text:GPIOPadConfigSet)
                  000004fe    00000002     --HOLE-- [fill = 0]
                  00000500    000000f4                   : sysctl.obj (.text:SysCtlClockSet)
                  000005f4    0000009c     rtsv7M4_T_le_v4SPD16_eabi.lib : memcpy_t2.asm.obj (.text)
                  00000690    00000068                                   : copy_decompress_lzss.c.obj (.text:decompress:lzss:__TI_decompress_lzss)
                  000006f8    00000048     driverlib.lib : gpio.obj (.text:GPIOPinConfigure)
                  00000740    00000046                   : uart.obj (.text:UARTConfigSetExpClk)
                  00000786    00000002     --HOLE-- [fill = 0]
                  00000788    00000044     rtsv7M4_T_le_v4SPD16_eabi.lib : autoinit.c.obj (.text:__TI_auto_init_nobinit_nopinit:__TI_auto_init_nobinit_nopinit)
                  000007cc    00000038     driverlib.lib : sysctl.obj (.text:SysCtlPeripheralReady)
                  00000804    00000034                   : sysctl.obj (.text:SysCtlPeripheralEnable)
                  00000838    00000034     rtsv7M4_T_le_v4SPD16_eabi.lib : boot_cortex_m.c.obj (.text:_c_int00_noargs:_c_int00_noargs)
                  0000086c    0000002a     driverlib.lib : gpio.obj (.text:GPIODirModeSet)
                  00000896    00000002     --HOLE-- [fill = 0]
                  00000898    00000020                   : uart.obj (.text:UARTDisable)
                  000008b8    00000018                   : gpio.obj (.text:GPIOPinTypeGPIOOutput)
                  000008d0    00000014                   : uart.obj (.text:UARTEnable)
                  000008e4    00000012                   : gpio.obj (.text:GPIOPinTypeGPIOInput)
                  000008f6    00000012                   : gpio.obj (.text:GPIOPinTypeUART)
                  00000908    0000000e     rtsv7M4_T_le_v4SPD16_eabi.lib : copy_decompress_none.c.obj (.text:decompress:none:__TI_decompress_none)
                  00000916    0000000c     tm4c1230h6pm_startup_ccs.obj (.text)
                  00000922    00000006     driverlib.lib : gpio.obj (.text:GPIOPinRead)
                  00000928    00000006                   : gpio.obj (.text:GPIOPinWrite)
                  0000092e    00000006                   : sysctl.obj (.text:SysCtlDelay)
                  00000934    00000006                   : uart.obj (.text:UARTClockSourceSet)
                  0000093a    00000004     rtsv7M4_T_le_v4SPD16_eabi.lib : pre_init.c.obj (.text:_system_pre_init)
                  0000093e    00000004                                   : exit.c.obj (.text:abort:abort)

.const     0    00000944    00000090     
                  00000944    00000090     driverlib.lib : gpio.obj (.const:g_pui32GPIOBaseAddrs)

.cinit     0    000009d8    00000018     
                  000009d8    00000008     (__TI_handler_table)
                  000009e0    00000007     (.cinit..data.load) [load image, compression = lzss]
                  000009e7    00000001     --HOLE-- [fill = 0]
                  000009e8    00000008     (__TI_cinit_table)

.init_array 
*          0    00000000    00000000     UNINITIALIZED

.data      0    20000200    00000004     UNINITIALIZED
                  20000200    00000004     main.obj (.data)

.stack     0    20000000    00000200     UNINITIALIZED
                  20000000    00000004     rtsv7M4_T_le_v4SPD16_eabi.lib : boot_cortex_m.c.obj (.stack)
                  20000004    000001fc     --HOLE--

__llvm_prf_cnts 
*          0    20000000    00000000     UNINITIALIZED

MODULE SUMMARY

       Module                         code   ro data   rw data
       ------                         ----   -------   -------
    .\
       tm4c1230h6pm_startup_ccs.obj   12     620       0      
       main.obj                       352    0         4      
    +--+------------------------------+------+---------+---------+
       Total:                         364    620       4      
                                                              
    C:/ti/TivaWare_C_Series-2.1.4.178/driverlib/ccs/Debug/driverlib.lib
       gpio.obj                       492    144       0      
       sysctl.obj                     358    0         0      
       uart.obj                       128    0         0      
    +--+------------------------------+------+---------+---------+
       Total:                         978    144       0      
                                                              
    C:\ti\ccs1000\ccs\tools\compiler\ti-cgt-arm_20.2.0.LTS\lib\rtsv7M4_T_le_v4SPD16_eabi.lib
       memcpy_t2.asm.obj              156    0         0      
       copy_decompress_lzss.c.obj     104    0         0      
       autoinit.c.obj                 68     0         0      
       boot_cortex_m.c.obj            52     0         0      
       copy_decompress_none.c.obj     14     0         0      
       exit.c.obj                     4      0         0      
       pre_init.c.obj                 4      0         0      
    +--+------------------------------+------+---------+---------+
       Total:                         402    0         0      
                                                              
       Stack:                         0      0         512    
       Linker Generated:              0      23        0      
    +--+------------------------------+------+---------+---------+
       Grand Total:                   1744   787       516    


LINKER GENERATED COPY TABLES

__TI_cinit_table @ 000009e8 records: 1, size/record: 8, table size: 8
	.data: load addr=000009e0, load size=00000007 bytes, run addr=20000200, run size=00000004 bytes, compression=lzss


LINKER GENERATED HANDLER TABLE

__TI_handler_table @ 000009d8 records: 2, size/record: 4, table size: 8
	index: 0, handler: __TI_decompress_lzss
	index: 1, handler: __TI_decompress_none


GLOBAL SYMBOLS: SORTED ALPHABETICALLY BY Name 

address   name                          
-------   ----                          
0000093f  C$$EXIT                       
0000086d  GPIODirModeSet                
000003cd  GPIOPadConfigSet              
000006f9  GPIOPinConfigure              
00000923  GPIOPinRead                   
000008e5  GPIOPinTypeGPIOInput          
000008b9  GPIOPinTypeGPIOOutput         
000008f7  GPIOPinTypeUART               
00000929  GPIOPinWrite                  
00000917  ResetISR                      
00000501  SysCtlClockSet                
0000092f  SysCtlDelay                   
00000805  SysCtlPeripheralEnable        
000007cd  SysCtlPeripheralReady         
00000935  UARTClockSourceSet            
00000741  UARTConfigSetExpClk           
00000899  UARTDisable                   
000008d1  UARTEnable                    
20000200  __STACK_END                   
00000200  __STACK_SIZE                  
20000200  __STACK_TOP                   
000009e8  __TI_CINIT_Base               
000009f0  __TI_CINIT_Limit              
000009d8  __TI_Handler_Table_Base       
000009e0  __TI_Handler_Table_Limit      
00000789  __TI_auto_init_nobinit_nopinit
00000691  __TI_decompress_lzss          
00000909  __TI_decompress_none          
ffffffff  __TI_pprof_out_hndl           
ffffffff  __TI_prof_data_size           
ffffffff  __TI_prof_data_start          
00000000  __TI_static_base__            
000005f5  __aeabi_memcpy                
000005f5  __aeabi_memcpy4               
000005f5  __aeabi_memcpy8               
ffffffff  __binit__                     
ffffffff  __c_args__                    
UNDEFED   __mpu_init                    
20000000  __stack                       
20000000  __start___llvm_prf_cnts       
20000000  __stop___llvm_prf_cnts        
00000839  _c_int00_noargs               
UNDEFED   _system_post_cinit            
0000093b  _system_pre_init              
0000093f  abort                         
ffffffff  binit                         
20000202  color                         
0000037d  enviarColorCorrespopndiente   
00000000  g_pfnVectors                  
20000203  leds                          
0000026d  main                          
000005f5  memcpy                        
20000200  pulsado                       
20000201  pulsado2                      


GLOBAL SYMBOLS: SORTED BY Symbol Address 

address   name                          
-------   ----                          
00000000  __TI_static_base__            
00000000  g_pfnVectors                  
00000200  __STACK_SIZE                  
0000026d  main                          
0000037d  enviarColorCorrespopndiente   
000003cd  GPIOPadConfigSet              
00000501  SysCtlClockSet                
000005f5  __aeabi_memcpy                
000005f5  __aeabi_memcpy4               
000005f5  __aeabi_memcpy8               
000005f5  memcpy                        
00000691  __TI_decompress_lzss          
000006f9  GPIOPinConfigure              
00000741  UARTConfigSetExpClk           
00000789  __TI_auto_init_nobinit_nopinit
000007cd  SysCtlPeripheralReady         
00000805  SysCtlPeripheralEnable        
00000839  _c_int00_noargs               
0000086d  GPIODirModeSet                
00000899  UARTDisable                   
000008b9  GPIOPinTypeGPIOOutput         
000008d1  UARTEnable                    
000008e5  GPIOPinTypeGPIOInput          
000008f7  GPIOPinTypeUART               
00000909  __TI_decompress_none          
00000917  ResetISR                      
00000923  GPIOPinRead                   
00000929  GPIOPinWrite                  
0000092f  SysCtlDelay                   
00000935  UARTClockSourceSet            
0000093b  _system_pre_init              
0000093f  C$$EXIT                       
0000093f  abort                         
000009d8  __TI_Handler_Table_Base       
000009e0  __TI_Handler_Table_Limit      
000009e8  __TI_CINIT_Base               
000009f0  __TI_CINIT_Limit              
20000000  __stack                       
20000000  __start___llvm_prf_cnts       
20000000  __stop___llvm_prf_cnts        
20000200  __STACK_END                   
20000200  __STACK_TOP                   
20000200  pulsado                       
20000201  pulsado2                      
20000202  color                         
20000203  leds                          
ffffffff  __TI_pprof_out_hndl           
ffffffff  __TI_prof_data_size           
ffffffff  __TI_prof_data_start          
ffffffff  __binit__                     
ffffffff  __c_args__                    
ffffffff  binit                         
UNDEFED   __mpu_init                    
UNDEFED   _system_post_cinit            

[54 symbols]
